[     985ms] [INFO] %cDownload the React DevTools for a better development experience: https://react.dev/link/react-devtools font-weight:bold @ http://localhost:8081/node_modules/expo-router/entry.bundle?platform=web&dev=true&hot=false&lazy=true&transform.routerRoot=src%2Fapp&transform.reactCompiler=true:69985
[    1046ms] [LOG] Running application "main" with appParams:
 {rootTag: #root, hydrate: undefined} 
Development-level warnings: ON.
Performance optimizations: OFF. @ http://localhost:8081/node_modules/expo-router/entry.bundle?platform=web&dev=true&hot=false&lazy=true&transform.routerRoot=src%2Fapp&transform.reactCompiler=true:69985
[    1050ms] [VERBOSE] [DOM] Password field is not contained in a form: (More info: https://goo.gl/9p2vKq) %o @ http://localhost:8081/login:0
[    1159ms] [WARNING] "shadow*" style props are deprecated. Use "boxShadow". @ http://localhost:8081/node_modules/expo-router/entry.bundle?platform=web&dev=true&hot=false&lazy=true&transform.routerRoot=src%2Fapp&transform.reactCompiler=true:69985
[    1327ms] [VERBOSE] [DOM] Password field is not contained in a form: (More info: https://goo.gl/9p2vKq) %o @ http://localhost:8081/login:0
[   17000ms] [LOG] [Dashboard] Screen focused - refreshing wallet @ http://localhost:8081/node_modules/expo-router/entry.bundle?platform=web&dev=true&hot=false&lazy=true&transform.routerRoot=src%2Fapp&transform.reactCompiler=true:69985
[   96609ms] [LOG] [Dashboard] Screen focused - refreshing wallet @ http://localhost:8081/node_modules/expo-router/entry.bundle?platform=web&dev=true&hot=false&lazy=true&transform.routerRoot=src%2Fapp&transform.reactCompiler=true:69985
[   96630ms] [LOG] [Dashboard] Wallet refreshed after topup check: {balance: 0, totalTopup: 0, totalSpent: 0} @ http://localhost:8081/node_modules/expo-router/entry.bundle?platform=web&dev=true&hot=false&lazy=true&transform.routerRoot=src%2Fapp&transform.reactCompiler=true:69985
[   96667ms] [LOG] [Dashboard] Screen focused - refreshing wallet @ http://localhost:8081/node_modules/expo-router/entry.bundle?platform=web&dev=true&hot=false&lazy=true&transform.routerRoot=src%2Fapp&transform.reactCompiler=true:69985
[  505806ms] [LOG] [Dashboard] Screen focused - refreshing wallet @ http://localhost:8081/node_modules/expo-router/entry.bundle?platform=web&dev=true&hot=false&lazy=true&transform.routerRoot=src%2Fapp&transform.reactCompiler=true:69985
[  505831ms] [LOG] [Dashboard] Wallet refreshed after topup check: {balance: 0, totalTopup: 0, totalSpent: 0} @ http://localhost:8081/node_modules/expo-router/entry.bundle?platform=web&dev=true&hot=false&lazy=true&transform.routerRoot=src%2Fapp&transform.reactCompiler=true:69985
[  505870ms] [LOG] [Dashboard] Screen focused - refreshing wallet @ http://localhost:8081/node_modules/expo-router/entry.bundle?platform=web&dev=true&hot=false&lazy=true&transform.routerRoot=src%2Fapp&transform.reactCompiler=true:69985
[ 2106258ms] [INFO] %cDownload the React DevTools for a better development experience: https://react.dev/link/react-devtools font-weight:bold @ http://localhost:8081/node_modules/expo-router/entry.bundle?platform=web&dev=true&hot=false&lazy=true&transform.routerRoot=src%2Fapp&transform.reactCompiler=true:69985
[ 2106314ms] [LOG] Running application "main" with appParams:
 {rootTag: #root, hydrate: undefined} 
Development-level warnings: ON.
Performance optimizations: OFF. @ http://localhost:8081/node_modules/expo-router/entry.bundle?platform=web&dev=true&hot=false&lazy=true&transform.routerRoot=src%2Fapp&transform.reactCompiler=true:69985
